============================= test session starts =============================
platform win32 -- Python 3.11.0, pytest-9.0.2, pluggy-1.6.0 -- C:\Users\mrabr\AppData\Local\Programs\Python\Python311\python.exe
cachedir: .pytest_cache
rootdir: C:\Users\mrabr\wrext-backend
configfile: pytest.ini
plugins: anyio-4.12.0, Faker-40.4.0, langsmith-0.6.4, asyncio-1.3.0
asyncio: mode=Mode.AUTO, debug=False, asyncio_default_fixture_loop_scope=None, asyncio_default_test_loop_scope=function
collecting ... collected 36 items / 35 deselected / 1 selected

tests/unit/services/test_user_service.py::TestUserServiceChangeUserStatus::test_change_user_status_success FAILED [100%]

================================== FAILURES ===================================
_______ TestUserServiceChangeUserStatus.test_change_user_status_success _______
tests\unit\services\test_user_service.py:573: in test_change_user_status_success
    user = await setup_factories["user"].create(status="active")
           ^^^^^^^^^^^^^^^^^^^^^^^^^^^^^^^^^^^^^^^^^^^^^^^^^^^^^
tests\factories\__init__.py:37: in create
    obj = cls.build(**kwargs)
          ^^^^^^^^^^^^^^^^^^^
..\AppData\Local\Programs\Python\Python311\Lib\site-packages\factory\base.py:517: in build
    return cls._generate(enums.BUILD_STRATEGY, kwargs)
           ^^^^^^^^^^^^^^^^^^^^^^^^^^^^^^^^^^^^^^^^^^^
..\AppData\Local\Programs\Python\Python311\Lib\site-packages\factory\base.py:468: in _generate
    return step.build()
           ^^^^^^^^^^^^
..\AppData\Local\Programs\Python\Python311\Lib\site-packages\factory\builder.py:274: in build
    instance = self.factory_meta.instantiate(
..\AppData\Local\Programs\Python\Python311\Lib\site-packages\factory\base.py:318: in instantiate
    return self.factory._build(model, *args, **kwargs)
           ^^^^^^^^^^^^^^^^^^^^^^^^^^^^^^^^^^^^^^^^^^^
..\AppData\Local\Programs\Python\Python311\Lib\site-packages\factory\base.py:494: in _build
    return model_class(*args, **kwargs)
           ^^^^^^^^^^^^^^^^^^^^^^^^^^^^
<string>:4: in __init__
    ???
..\AppData\Local\Programs\Python\Python311\Lib\site-packages\sqlalchemy\orm\state.py:596: in _initialize_instance
    with util.safe_reraise():
..\AppData\Local\Programs\Python\Python311\Lib\site-packages\sqlalchemy\util\langhelpers.py:224: in __exit__
    raise exc_value.with_traceback(exc_tb)
..\AppData\Local\Programs\Python\Python311\Lib\site-packages\sqlalchemy\orm\state.py:594: in _initialize_instance
    manager.original_init(*mixed[1:], **kwargs)
..\AppData\Local\Programs\Python\Python311\Lib\site-packages\sqlalchemy\orm\decl_base.py:2179: in _declarative_constructor
    raise TypeError(
E   TypeError: 'username' is an invalid keyword argument for Users
============================== warnings summary ===============================
..\AppData\Local\Programs\Python\Python311\Lib\site-packages\pydantic\_internal\_config.py:323: 16 warnings
  C:\Users\mrabr\AppData\Local\Programs\Python\Python311\Lib\site-packages\pydantic\_internal\_config.py:323: PydanticDeprecatedSince20: Support for class-based `config` is deprecated, use ConfigDict instead. Deprecated in Pydantic V2.0 to be removed in V3.0. See Pydantic V2 Migration Guide at https://errors.pydantic.dev/2.11/migration/
    warnings.warn(DEPRECATION_MESSAGE, DeprecationWarning)

src\api\database\async_database.py:5
  C:\Users\mrabr\wrext-backend\src\api\database\async_database.py:5: DeprecationWarning: src.utils.logger is deprecated. Use src.api.lib.logger instead.
    from src.utils.logger import logger

..\AppData\Local\Programs\Python\Python311\Lib\site-packages\pydantic\fields.py:1093: 36 warnings
  C:\Users\mrabr\AppData\Local\Programs\Python\Python311\Lib\site-packages\pydantic\fields.py:1093: PydanticDeprecatedSince20: Using extra keyword arguments on `Field` is deprecated and will be removed. Use `json_schema_extra` instead. (Extra keys: 'example'). Deprecated in Pydantic V2.0 to be removed in V3.0. See Pydantic V2 Migration Guide at https://errors.pydantic.dev/2.11/migration/
    warn(

src\api\routes\users\profile.py:22
  C:\Users\mrabr\wrext-backend\src\api\routes\users\profile.py:22: DeprecationWarning: 'imghdr' is deprecated and slated for removal in Python 3.13
    import imghdr

<frozen importlib._bootstrap>:241
  <frozen importlib._bootstrap>:241: DeprecationWarning: builtin type SwigPyPacked has no __module__ attribute

<frozen importlib._bootstrap>:241
  <frozen importlib._bootstrap>:241: DeprecationWarning: builtin type SwigPyObject has no __module__ attribute

<frozen importlib._bootstrap>:241
  <frozen importlib._bootstrap>:241: DeprecationWarning: builtin type swigvarlink has no __module__ attribute

src\api\routes\admin\reports_routes.py:103
  C:\Users\mrabr\wrext-backend\src\api\routes\admin\reports_routes.py:103: DeprecationWarning: `regex` has been deprecated, please use `pattern` instead
    format: str = Query("csv", regex="^(csv|json)$", description="Export format"),

-- Docs: https://docs.pytest.org/en/stable/how-to/capture-warnings.html
=========================== short test summary info ===========================
FAILED tests/unit/services/test_user_service.py::TestUserServiceChangeUserStatus::test_change_user_status_success
================ 1 failed, 35 deselected, 58 warnings in 1.44s ================
